ASxxxx Linker V03.00 + NoICE + sdld,  page 1.
Hexadecimal  [32-Bits]

Area                                    Addr        Size        Decimal Bytes (Attributes)
--------------------------------        ----        ----        ------- ----- ------------
.  .ABS.                            00000000    00000000 =           0. bytes (ABS,CON)

      Value  Global                              Global Defined In Module
      -----  --------------------------------   ------------------------
     FFFFFFFF  s_SSEG                          
     00000000  .__.ABS.                           nrf24l01
     00000000  l_CABS                          
     00000000  l_CONST                         
     00000000  l_DABS                          
     00000000  l__CODE                         
     00000000  s_CABS                          
     00000000  s_DABS                          
     00000000  s__CODE                         
     00000001  l_SSEG                          
     00000001  s_DATA                          
     00000003  l_GSFINAL                       
     00000005  l_INITIALIZED                   
     00000005  l_INITIALIZER                   
     0000001A  l_GSINIT                        
     00000030  l_DATA                          
     00000031  s_INITIALIZED                   
     0000006B  l_HOME                          
     00000AA0  l_CODE                          
     00008000  s_HOME                          
     0000806B  s_GSINIT                        
     00008085  s_GSFINAL                       
     00008088  s_CONST                         
     00008088  s_INITIALIZER                   
     0000808D  s_CODE                          

ASxxxx Linker V03.00 + NoICE + sdld,  page 2.
Hexadecimal  [32-Bits]

Area                                    Addr        Size        Decimal Bytes (Attributes)
--------------------------------        ----        ----        ------- ----- ------------
DATA                                00000001    00000030 =          48. bytes (REL,CON)

      Value  Global                              Global Defined In Module
      -----  --------------------------------   ------------------------
     00000001  _mn_frame                          mnprot
     0000001B  _uart_tx_Buff                      main
     0000001F  _uart_rx_Buff                      main
     00000023  _sys_nrf                           main
     00000030  _system                            main

ASxxxx Linker V03.00 + NoICE + sdld,  page 3.
Hexadecimal  [32-Bits]

Area                                    Addr        Size        Decimal Bytes (Attributes)
--------------------------------        ----        ----        ------- ----- ------------
INITIALIZED                         00000031    00000005 =           5. bytes (REL,CON)

      Value  Global                              Global Defined In Module
      -----  --------------------------------   ------------------------
     00000031  _sec                               stm8s_it
     00000032  _pload                             main

ASxxxx Linker V03.00 + NoICE + sdld,  page 4.
Hexadecimal  [32-Bits]

Area                                    Addr        Size        Decimal Bytes (Attributes)
--------------------------------        ----        ----        ------- ----- ------------
HOME                                00008000    0000006B =         107. bytes (REL,CON)

      Value  Global                              Global Defined In Module
      -----  --------------------------------   ------------------------
ASxxxx Linker V03.00 + NoICE + sdld,  page 5.
Hexadecimal  [32-Bits]

Area                                    Addr        Size        Decimal Bytes (Attributes)
--------------------------------        ----        ----        ------- ----- ------------
GSINIT                              0000806B    0000001A =          26. bytes (REL,CON)

      Value  Global                              Global Defined In Module
      -----  --------------------------------   ------------------------
ASxxxx Linker V03.00 + NoICE + sdld,  page 6.
Hexadecimal  [32-Bits]

Area                                    Addr        Size        Decimal Bytes (Attributes)
--------------------------------        ----        ----        ------- ----- ------------
GSFINAL                             00008085    00000003 =           3. bytes (REL,CON)

      Value  Global                              Global Defined In Module
      -----  --------------------------------   ------------------------
ASxxxx Linker V03.00 + NoICE + sdld,  page 7.
Hexadecimal  [32-Bits]

Area                                    Addr        Size        Decimal Bytes (Attributes)
--------------------------------        ----        ----        ------- ----- ------------
INITIALIZER                         00008088    00000005 =           5. bytes (REL,CON)

      Value  Global                              Global Defined In Module
      -----  --------------------------------   ------------------------
ASxxxx Linker V03.00 + NoICE + sdld,  page 8.
Hexadecimal  [32-Bits]

Area                                    Addr        Size        Decimal Bytes (Attributes)
--------------------------------        ----        ----        ------- ----- ------------
CODE                                0000808D    00000AA0 =        2720. bytes (REL,CON)

      Value  Global                              Global Defined In Module
      -----  --------------------------------   ------------------------
     0000808D  _mn_register_cb                    mnprot
     000080A4  _mn_send                           mnprot
     00008140  _mn_decode_frame                   mnprot
     00008199  _mn_execute                        mnprot
     0000822C  _mn_retransmit                     mnprot
     0000832D  _setup                             common
     0000839A  _delay                             common
     000083A8  _uart_event                        common
     000083D1  _sys_event                         common
     000083EC  _spi_init                          common
     000083F5  _spi_transmit                      common
     00008412  _eeprom_read                       common
     0000841B  _eeprom_write                      common
     0000847A  _adc_get                           common
     000084CF  _reg_transfer                      common
     000084F0  _output_set                        common
     0000851C  _nrf_recv                          common
     00008531  _mn_exec                           common
     0000858C  _uart_init                         uart
     00008599  _uart_putc                         uart
     000085E7  _uart_puts                         uart
     00008603  _uart_recv                         uart
     00008649  _tim4_update                       stm8s_it
     00008663  _uart1_tx                          stm8s_it
     000086D2  _uart1_rx                          stm8s_it
     00008720  _exti2_irq                         stm8s_it
     00008743  _main                              main
     000087C2  _nrf_init_hw                       nrf24l01
     000087F3  _nrf_power                         nrf24l01
     00008822  _nrf_init_sw                       nrf24l01
     000088BF  _nrf_reset                         nrf24l01
     00008917  _nrf_powerdown                     nrf24l01
     0000892C  _nrf_rx_enable                     nrf24l01
     00008962  _nrf_tx_enable                     nrf24l01
     00008997  _nrf_read_rx                       nrf24l01
     000089C5  _nrf_write_tx                      nrf24l01
     000089E4  _nrf_register_cb                   nrf24l01
     000089EB  _nrf_event                         nrf24l01
     00008A66  _nrf_clear_rxbuff                  nrf24l01
     00008A79  _nrf_csn_enable                    nrf24l01
     00008A82  _nrf_csn_disable                   nrf24l01
     00008A94  _nrf_ce_low                        nrf24l01
     00008A9D  _nrf_ce_high                       nrf24l01
     00008AA6  _nrf_sendcmd                       nrf24l01
     00008AB7  _nrf_readreg                       nrf24l01
     00008AD0  _nrf_writereg                      nrf24l01
     00008AE9  _nrf_writereg_many                 nrf24l01

ASxxxx Linker V03.00 + NoICE + sdld,  page 9.
Hexadecimal  [32-Bits]

Area                                    Addr        Size        Decimal Bytes (Attributes)
--------------------------------        ----        ----        ------- ----- ------------
SSEG                                FFFFFFFF    00000001 =           1. bytes (REL,CON)

      Value  Global                              Global Defined In Module
      -----  --------------------------------   ------------------------
ASxxxx Linker V03.00 + NoICE + sdld,  page 10.

Files Linked                              [ module(s) ]

tmp/mnprot.rel                            [ mnprot ]
tmp/common.rel                            [ common ]
tmp/uart.rel                              [ uart ]
tmp/stm8s_it.rel                          [ stm8s_it ]
tmp/main.rel                              [ main ]
tmp/nrf24l01.rel                          [ nrf24l01 ]

ASxxxx Linker V03.00 + NoICE + sdld,  page 11.

User Base Address Definitions

HOME = 0x8000
DATA = 0x0001
SSEG = 0xffffffff

